# round 1: base 28c7c617d5c2, mean CRPS 23.698

# sweep reused from AI-generated/candidate-forks/round2_promoted
$ /Users/geirksa_1_2_3/ai/special-purpose vaults/ReprodicbleAgenticAiCase/.venv/bin/python /Users/geirksa_1_2_3/ai/special-purpose vaults/ReprodicbleAgenticAiCase/AI-internal/useful-scripts/node.py promote analysis/03_models/03_candidate/a_hierNB/02_covariates b_rich
main path of analysis/03_models/03_candidate/a_hierNB/02_covariates is now b_rich
# promoted 02_covariates: c_climateFree -> b_rich
#   removed analysis/03_models/03_candidate/a_hierNB/02_covariates/c_climateFree/results/main
#   removed analysis/03_models/03_candidate/a_hierNB/02_covariates/b_rich/results/covariates_rich
#   removed analysis/03_models/03_candidate/a_hierNB/results/covariates_rich
#   removed analysis/03_models/03_candidate/a_hierNB/work/covariates_rich
#   removed analysis/04_score/01_collect/results/covariates_rich
#   removed analysis/04_score/02_aggregate/a_unweighted/results/covariates_rich
$ /Users/geirksa_1_2_3/ai/special-purpose vaults/ReprodicbleAgenticAiCase/.venv/bin/python /Users/geirksa_1_2_3/ai/special-purpose vaults/ReprodicbleAgenticAiCase/AI-internal/useful-scripts/node.py promote analysis/03_models/03_candidate/a_hierNB/04_fitTime b_refitAtPredict
main path of analysis/03_models/03_candidate/a_hierNB/04_fitTime is now b_refitAtPredict
# promoted 04_fitTime: a_trainOnly -> b_refitAtPredict
#   removed analysis/03_models/03_candidate/a_hierNB/04_fitTime/a_trainOnly/results/main
#   removed analysis/03_models/03_candidate/a_hierNB/04_fitTime/b_refitAtPredict/results/fitTime_refitAtPredict
#   removed analysis/03_models/03_candidate/a_hierNB/results/fitTime_refitAtPredict
#   removed analysis/03_models/03_candidate/a_hierNB/work/fitTime_refitAtPredict
#   removed analysis/04_score/01_collect/results/fitTime_refitAtPredict
#   removed analysis/04_score/02_aggregate/a_unweighted/results/fitTime_refitAtPredict
$ bash /Users/geirksa_1_2_3/ai/special-purpose vaults/ReprodicbleAgenticAiCase/analysis/03_models/03_candidate/a_hierNB/run.sh
observation/c_hurdle[main]: hurdle; zeros 0.56, mean over all months 32.3 against 73.9 over reporting months -> /Users/geirksa_1_2_3/ai/special-purpose vaults/ReprodicbleAgenticAiCase/analysis/03_models/03_candidate/a_hierNB/01_observation/c_hurdle/results/main
covariates/b_rich[main]: 3 covariates x 3 lags = 9 columns; missing values {'rainfall': 0, 'mean_temperature': 0, 'mean_relative_humidity': 0} -> /Users/geirksa_1_2_3/ai/special-purpose vaults/ReprodicbleAgenticAiCase/analysis/03_models/03_candidate/a_hierNB/02_covariates/b_rich/results/main
population/a_offset[main]: log(population) offset; largest/smallest 23.8 -> /Users/geirksa_1_2_3/ai/special-purpose vaults/ReprodicbleAgenticAiCase/analysis/03_models/03_candidate/a_hierNB/03_population/a_offset/results/main
fitTime/b_refitAtPredict[main]: refit at predict, 8 fits per backtest, recovering 21 months of history the main path ignores -> /Users/geirksa_1_2_3/ai/special-purpose vaults/ReprodicbleAgenticAiCase/analysis/03_models/03_candidate/a_hierNB/04_fitTime/b_refitAtPredict/results/main
autoregressive/a_none[main]: no lagged-count term; the correlation it leaves unused at lag 3 is 0.701 -> /Users/geirksa_1_2_3/ai/special-purpose vaults/ReprodicbleAgenticAiCase/analysis/03_models/03_candidate/a_hierNB/05_autoregressive/a_none/results/main
yearVariance/b_provinceScaled[main]: one variance per province; the widest province's annual spread is 5.6 times the narrowest -> /Users/geirksa_1_2_3/ai/special-purpose vaults/ReprodicbleAgenticAiCase/analysis/03_models/03_candidate/a_hierNB/06_yearVariance/b_provinceScaled/results/main
candidate[main]: {'observation': 'c_hurdle', 'covariates': 'b_rich', 'population': 'a_offset', 'fit_time': 'b_refitAtPredict', 'autoregressive': 'a_none', 'year_variance': 'b_provinceScaled'}, covariates ['rainfall', 'mean_temperature', 'mean_relative_humidity'], seed 849487747 -> /Users/geirksa_1_2_3/ai/special-purpose vaults/ReprodicbleAgenticAiCase/analysis/03_models/03_candidate/a_hierNB/results/main
hier_nb[main]: 93 s (11.6 s/split) -> /Users/geirksa_1_2_3/ai/special-purpose vaults/ReprodicbleAgenticAiCase/analysis/03_models/03_candidate/a_hierNB/results/main
$ bash /Users/geirksa_1_2_3/ai/special-purpose vaults/ReprodicbleAgenticAiCase/analysis/04_score/01_collect/run.sh
collect[main]: 8 model rows, 2968 cells, 16 locations -> /Users/geirksa_1_2_3/ai/special-purpose vaults/ReprodicbleAgenticAiCase/analysis/04_score/01_collect/results/main
$ bash /Users/geirksa_1_2_3/ai/special-purpose vaults/ReprodicbleAgenticAiCase/analysis/04_score/02_aggregate/run.sh
aggregate/a_unweighted[main]: 8 models over 371 cells; best reference_r4 at CRPS 21.820
$ bash /Users/geirksa_1_2_3/ai/special-purpose vaults/ReprodicbleAgenticAiCase/analysis/04_score/03_compare/run.sh
compare[main]: 8 leaderboard rows; reference CRPS 22.098 over 371 cells
  hier_nb        diff   -0.242  se(split-clustered) 1.498  skill +0.011  wins 47% of cells
  climatology    diff   +2.238  se(split-clustered) 1.919  skill -0.101  wins 44% of cells
  persistence    diff   +2.781  se(split-clustered) 2.985  skill -0.126  wins 47% of cells
  noise floor (reference vs its own repeats): largest |mean diff| 0.565
fig_accuracy_and_spread.png -> /Users/geirksa_1_2_3/ai/special-purpose vaults/ReprodicbleAgenticAiCase/analysis/04_score/03_compare/results/main
fig_crps_by_location.png -> /Users/geirksa_1_2_3/ai/special-purpose vaults/ReprodicbleAgenticAiCase/analysis/04_score/03_compare/results/main
fig_paired_vs_reference.png -> /Users/geirksa_1_2_3/ai/special-purpose vaults/ReprodicbleAgenticAiCase/analysis/04_score/03_compare/results/main
$ /Users/geirksa_1_2_3/ai/special-purpose vaults/ReprodicbleAgenticAiCase/environment/chapenv/bin/python /Users/geirksa_1_2_3/ai/special-purpose vaults/ReprodicbleAgenticAiCase/analysis/scripts/conclude.py
conclusion[main]: hier_nb CRPS 21.857 vs reference 22.098 -> skill +0.0109
# main path re-run in 106 s
